// Jest Snapshot v1, https://goo.gl/fbAQLP

exports[`renders the Post component correctly 1`] = `
<div>
  <div>
    <div
      class="row2"
    >
      <h2
        class="anywhere"
      >
        Live anywhere
      </h2>
      <div
        class="row2Container"
      >
        <a
          class="category"
          href="/categories/treehouse"
        >
          <img
            alt="category"
            class="categoryImg"
            src="https://news.airbnb.com/wp-content/uploads/sites/4/2018/08/1-mushroom-dome-min.jpg?fit=1024,683&resize=2048,1366"
          />
          <div
            class="categoryBottom"
          >
            <span
              class="categoryTitle"
            >
              treehouse
            </span>
          </div>
        </a>
        <a
          class="category"
          href="/categories/tinyhouse"
        >
          <img
            alt="category"
            class="categoryImg"
            src="https://a0.muscache.com/im/pictures/81a84488-3297-4a9f-b9d1-6dcb3ae9e726.jpg?im_w=1440"
          />
          <div
            class="categoryBottom"
          >
            <span
              class="categoryTitle"
            >
              tinyhouse
            </span>
          </div>
        </a>
        <a
          class="category"
          href="/categories/farmstay"
        >
          <img
            alt="category"
            class="categoryImg"
            src="https://a0.muscache.com/im/pictures/467632ae-09d8-4334-8620-0f67cb4fd055.jpg?im_w=1440"
          />
          <div
            class="categoryBottom"
          >
            <span
              class="categoryTitle"
            >
              farmstay
            </span>
          </div>
        </a>
        <a
          class="category"
          href="/categories/boat"
        >
          <img
            alt="category"
            class="categoryImg"
            src="https://a0.muscache.com/im/pictures/00d3733e-a272-48d5-8601-d53170bdce97.jpg?im_w=1200"
          />
          <div
            class="categoryBottom"
          >
            <span
              class="categoryTitle"
            >
              boat
            </span>
          </div>
        </a>
        <a
          class="category"
          href="/categories/camper"
        >
          <img
            alt="category"
            class="categoryImg"
            src="https://a0.muscache.com/im/pictures/dcb763ed-e6ff-4680-880e-f21026a584dc.jpg?im_w=1440"
          />
          <div
            class="categoryBottom"
          >
            <span
              class="categoryTitle"
            >
              camper
            </span>
          </div>
        </a>
        <a
          class="category"
          href="/categories/tent"
        >
          <img
            alt="category"
            class="categoryImg"
            src="https://a0.muscache.com/im/pictures/1e4a48e2-91cc-404f-a9d4-5d676b009c49.jpg?im_w=1200"
          />
          <div
            class="categoryBottom"
          >
            <span
              class="categoryTitle"
            >
              tent
            </span>
          </div>
        </a>
        <a
          class="category"
          href="/categories/yurt"
        >
          <img
            alt="category"
            class="categoryImg"
            src="https://a0.muscache.com/im/pictures/4cb336e9-c8b2-4337-90ec-a75d6005e938.jpg?im_w=1440"
          />
          <div
            class="categoryBottom"
          >
            <span
              class="categoryTitle"
            >
              yurt
            </span>
          </div>
        </a>
      </div>
    </div>
    <div
      class="postMain"
    >
      <div>
        <img
          alt="post"
          class="postImage"
          src="https://a0.muscache.com/im/pictures/f6336eb2-30ca-49d4-9ea4-fdf640409e32.jpg?im_w=1200"
        />
        <div
          class="ratingContainer"
        >
          <div>
            $
            101
             / night
          </div>
          <div
            class="starContainer"
          >
            <img
              alt="star"
              class="star"
              src="https://www.flaticon.com/svg/static/icons/svg/1828/1828884.svg"
            />
            4.97
          </div>
        </div>
        <h2>
          Wine Country Airstream Experience
        </h2>
        <p
          class="postDescription"
        >
          Surrounded by vineyards and walnut orchards in the rugged Santa Lucia mountains west of Paso Robles, you will feel as though you're hours away from humanity, yet youâ€™re just 10 min from downtown Paso Robles and about 1/2 an hour from several beach towns. Also, the Airstream shares the property with a winery and there are four others minutes away.
        </p>
      </div>
    </div>
  </div>
</div>
`;
